// Jest Snapshot v1, https://goo.gl/fbAQLP

exports[`Navigation displays correctly Navigation file matches snapshot 1`] = `
<h1
  className="header-text"
>
  Premier League
</h1>
`;
